exports[`<MarkItem /> if no search => render plain item (<a>{item}</a>) 1`] = `
<a>
  abcdefghijklmnopqrstuvwxyz
</a>
`;

exports[`<MarkItem /> if search but no match => render plain item 1`] = `
<a>
  abcdefghijklmnopqrstuvwxyz
</a>
`;

exports[`<MarkItem /> if search, then render pattern inside <strong> 1`] = `
<a>
  <span>
    abcdefghijklmnopqrstuvw
    <strong>
      x
    </strong>
    yz
  </span>
</a>
`;
