exports[`<Suggestor /> initial render with no suggestions 1`] = `
<div
  className="input-group"
  onClick={[Function]}
  onKeyDown={[Function]}
  style={undefined}>
  <input
    className="form-control"
    onChange={[Function]}
    placeholder={undefined}
    type="text"
    value="" />
  <span
    className="glyphicon glyphicon-triangle-bottom"
    style={
      Object {
        "bottom": 0,
        "color": "#ccc",
        "cursor": "pointer",
        "fontSize": 16,
        "height": 14,
        "margin": "auto",
        "position": "absolute",
        "right": 10,
        "top": 0,
        "zIndex": 4,
      }
    } />
  
</div>
`;

exports[`<Suggestor /> initial render with suggestions 1`] = `
<div
  className="input-group"
  onClick={[Function]}
  onKeyDown={[Function]}
  style={undefined}>
  <input
    className="form-control"
    onChange={[Function]}
    placeholder={undefined}
    type="text"
    value="" />
  <span
    className="glyphicon glyphicon-triangle-bottom"
    style={
      Object {
        "bottom": 0,
        "color": "#ccc",
        "cursor": "pointer",
        "fontSize": 16,
        "height": 14,
        "margin": "auto",
        "position": "absolute",
        "right": 10,
        "top": 0,
        "zIndex": 4,
      }
    } />
  
</div>
`;
